<Journey fpTime="16:00" fpDate="19.02.20" delay="0" e_delay="4" platform="8" targetLoc="Luzern"
         prod="IR 15#IR" dir="Luzern" capacity="2|2" is_reachable="0"/>